[    0.000000] Linux version 4.15.0-212-generic (buildd@lcy02-amd64-083) (gcc version 7.5.0 (Ubuntu 7.5.0-3ubuntu1~18.04)) #223-Ubuntu SMP Tue May 23 13:09:22 UTC 2023 (Ubuntu 4.15.0-212.223-generic 4.15.18)
[    0.000000] Command line: BOOT_IMAGE=/boot/vmlinuz-4.15.0-212-generic root=LABEL=cloudimg-rootfs ro console=tty1 console=ttyS0
[    0.000000] KERNEL supported cpus:
[    0.000000]   Intel GenuineIntel
[    0.000000]   AMD AuthenticAMD
[    0.000000]   Centaur CentaurHauls
[    0.000000] x86/fpu: x87 FPU will use FXSAVE
[    0.000000] e820: BIOS-provided physical RAM map:
[    0.000000] BIOS-e820: [mem 0x0000000000000000-0x000000000009fbff] usable
[    0.000000] BIOS-e820: [mem 0x000000000009fc00-0x000000000009ffff] reserved
[    0.000000] BIOS-e820: [mem 0x00000000000f0000-0x00000000000fffff] reserved
[    0.000000] BIOS-e820: [mem 0x0000000000100000-0x000000000ffeffff] usable
[    0.000000] BIOS-e820: [mem 0x000000000fff0000-0x000000000fffffff] ACPI data
[    0.000000] BIOS-e820: [mem 0x00000000fec00000-0x00000000fec00fff] reserved
[    0.000000] BIOS-e820: [mem 0x00000000fee00000-0x00000000fee00fff] reserved
[    0.000000] BIOS-e820: [mem 0x00000000fffc0000-0x00000000ffffffff] reserved
[    0.000000] NX (Execute Disable) protection: active
[    0.000000] SMBIOS 2.5 present.
[    0.000000] DMI: innotek GmbH VirtualBox/VirtualBox, BIOS VirtualBox 12/01/2006
[    0.000000] Hypervisor detected: KVM
[    0.000000] e820: last_pfn = 0xfff0 max_arch_pfn = 0x400000000
[    0.000000] MTRR: Disabled
[    0.000000] x86/PAT: MTRRs disabled, skipping PAT initialization too.
[    0.000000] CPU MTRRs all blank - virtualized system.
[    0.000000] x86/PAT: Configuration [0-7]: WB  WT  UC- UC  WB  WT  UC- UC  
[    0.000000] found SMP MP-table at [mem 0x0009fff0-0x0009ffff]
[    0.000000] Scanning 1 areas for low memory corruption
[    0.000000] RAMDISK: [mem 0x0dafa000-0x0ee0bfff]
[    0.000000] ACPI: Early table checksum verification disabled
[    0.000000] ACPI: RSDP 0x00000000000E0000 000024 (v02 VBOX  )
[    0.000000] ACPI: XSDT 0x000000000FFF0030 00003C (v01 VBOX   VBOXXSDT 00000001 ASL  00000061)
[    0.000000] ACPI: FACP 0x000000000FFF00F0 0000F4 (v04 VBOX   VBOXFACP 00000001 ASL  00000061)
[    0.000000] ACPI: DSDT 0x000000000FFF0610 002353 (v02 VBOX   VBOXBIOS 00000002 INTL 20100528)
[    0.000000] ACPI: FACS 0x000000000FFF0200 000040
[    0.000000] ACPI: FACS 0x000000000FFF0200 000040
[    0.000000] ACPI: APIC 0x000000000FFF0240 000054 (v02 VBOX   VBOXAPIC 00000001 ASL  00000061)
[    0.000000] ACPI: SSDT 0x000000000FFF02A0 00036C (v01 VBOX   VBOXCPUT 00000002 INTL 20100528)
[    0.000000] ACPI: Reserving FACP table memory at [mem 0xfff00f0-0xfff01e3]
[    0.000000] ACPI: Reserving DSDT table memory at [mem 0xfff0610-0xfff2962]
[    0.000000] ACPI: Reserving FACS table memory at [mem 0xfff0200-0xfff023f]
[    0.000000] ACPI: Reserving FACS table memory at [mem 0xfff0200-0xfff023f]
[    0.000000] ACPI: Reserving APIC table memory at [mem 0xfff0240-0xfff0293]
[    0.000000] ACPI: Reserving SSDT table memory at [mem 0xfff02a0-0xfff060b]
[    0.000000] No NUMA configuration found
[    0.000000] Faking a node at [mem 0x0000000000000000-0x000000000ffeffff]
[    0.000000] NODE_DATA(0) allocated [mem 0x0ffc5000-0x0ffeffff]
[    0.000000] kvm-clock: cpu 0, msr 0:ff44001, primary cpu clock
[    0.000000] kvm-clock: Using msrs 4b564d01 and 4b564d00
[    0.000000] kvm-clock: using sched offset of 4781135430 cycles
[    0.000000] clocksource: kvm-clock: mask: 0xffffffffffffffff max_cycles: 0x1cd42e4dffb, max_idle_ns: 881590591483 ns
[    0.000000] Zone ranges:
[    0.000000]   DMA      [mem 0x0000000000001000-0x0000000000ffffff]
[    0.000000]   DMA32    [mem 0x0000000001000000-0x000000000ffeffff]
[    0.000000]   Normal   empty
[    0.000000]   Device   empty
[    0.000000] Movable zone start for each node
[    0.000000] Early memory node ranges
[    0.000000]   node   0: [mem 0x0000000000001000-0x000000000009efff]
[    0.000000]   node   0: [mem 0x0000000000100000-0x000000000ffeffff]
[    0.000000] Reserved but unavailable: 104 pages
[    0.000000] Initmem setup node 0 [mem 0x0000000000001000-0x000000000ffeffff]
[    0.000000] ACPI: PM-Timer IO Port: 0x4008
[    0.000000] IOAPIC[0]: apic_id 1, version 32, address 0xfec00000, GSI 0-23
[    0.000000] ACPI: INT_SRC_OVR (bus 0 bus_irq 0 global_irq 2 dfl dfl)
[    0.000000] ACPI: INT_SRC_OVR (bus 0 bus_irq 9 global_irq 9 low level)
[    0.000000] Using ACPI (MADT) for SMP configuration information
[    0.000000] smpboot: Allowing 1 CPUs, 0 hotplug CPUs
[    0.000000] PM: Registered nosave memory: [mem 0x00000000-0x00000fff]
[    0.000000] PM: Registered nosave memory: [mem 0x0009f000-0x0009ffff]
[    0.000000] PM: Registered nosave memory: [mem 0x000a0000-0x000effff]
[    0.000000] PM: Registered nosave memory: [mem 0x000f0000-0x000fffff]
[    0.000000] e820: [mem 0x10000000-0xfebfffff] available for PCI devices
[    0.000000] Booting paravirtualized kernel on KVM
[    0.000000] clocksource: refined-jiffies: mask: 0xffffffff max_cycles: 0xffffffff, max_idle_ns: 7645519600211568 ns
[    0.000000] setup_percpu: NR_CPUS:8192 nr_cpumask_bits:1 nr_cpu_ids:1 nr_node_ids:1
[    0.000000] percpu: Embedded 50 pages/cpu s167936 r8192 d28672 u2097152
[    0.000000] PV qspinlock hash table entries: 256 (order: 0, 4096 bytes)
[    0.000000] Built 1 zonelists, mobility grouping on.  Total pages: 64377
[    0.000000] Policy zone: DMA32
[    0.000000] Kernel command line: BOOT_IMAGE=/boot/vmlinuz-4.15.0-212-generic root=LABEL=cloudimg-rootfs ro console=tty1 console=ttyS0
[    0.000000] Memory: 208700K/261688K available (12300K kernel code, 2477K rwdata, 4324K rodata, 2480K init, 2720K bss, 52988K reserved, 0K cma-reserved)
[    0.000000] SLUB: HWalign=64, Order=0-3, MinObjects=0, CPUs=1, Nodes=1
[    0.000000] Kernel/User page tables isolation: enabled
[    0.000000] ftrace: allocating 39508 entries in 155 pages
[    0.004000] Hierarchical RCU implementation.
[    0.004000] 	RCU restricting CPUs from NR_CPUS=8192 to nr_cpu_ids=1.
[    0.004000] 	Tasks RCU enabled.
[    0.004000] RCU: Adjusting geometry for rcu_fanout_leaf=16, nr_cpu_ids=1
[    0.004000] NR_IRQS: 524544, nr_irqs: 256, preallocated irqs: 16
[    0.004000] random: crng init done
[    0.004000] Console: colour VGA+ 80x25
[    0.004000] console [tty1] enabled
[    0.004000] console [ttyS0] enabled
[    0.004000] ACPI: Core revision 20170831
[    0.004000] ACPI: 2 ACPI AML tables successfully acquired and loaded
[    0.004000] APIC: Switch to symmetric I/O mode setup
[    0.008000] ..TIMER: vector=0x30 apic1=0 pin1=2 apic2=-1 pin2=-1
[    0.008011] tsc: Detected 2294.686 MHz processor
[    0.012020] Calibrating delay loop (skipped) preset value.. 4589.37 BogoMIPS (lpj=9178744)
[    0.016012] pid_max: default: 32768 minimum: 301
[    0.024074] Security Framework initialized
[    0.032007] Yama: becoming mindful.
[    0.036517] AppArmor: AppArmor initialized
[    0.040100] Dentry cache hash table entries: 32768 (order: 6, 262144 bytes)
[    0.044392] Inode-cache hash table entries: 16384 (order: 5, 131072 bytes)
[    0.048045] Mount-cache hash table entries: 512 (order: 0, 4096 bytes)
[    0.052017] Mountpoint-cache hash table entries: 512 (order: 0, 4096 bytes)
[    0.070290] Last level iTLB entries: 4KB 64, 2MB 8, 4MB 8
[    0.072010] Last level dTLB entries: 4KB 64, 2MB 0, 4MB 0, 1GB 4
[    0.076013] Spectre V1 : Mitigation: usercopy/swapgs barriers and __user pointer sanitization
[    0.084010] Spectre V2 : Mitigation: Retpolines
[    0.088009] Spectre V2 : Spectre v2 / SpectreRSB mitigation: Filling RSB on context switch
[    0.092009] Spectre V2 : Spectre v2 / SpectreRSB : Filling RSB on VMEXIT
[    0.096010] Speculative Store Bypass: Vulnerable
[    0.100078] MDS: Mitigation: Clear CPU buffers
[    0.104008] MMIO Stale Data: Unknown: No mitigations
[    0.108011] SRBDS: Unknown: Dependent on hypervisor status
[    0.128233] Freeing SMP alternatives memory: 36K
[    0.228008] APIC calibration not consistent with PM-Timer: 187ms instead of 100ms
[    0.232000] APIC delta adjusted to PM-Timer: 6130977 (11522032)
[    0.236010] smpboot: CPU0: Intel(R) Core(TM) i5-5300U CPU @ 2.30GHz (family: 0x6, model: 0x3d, stepping: 0x4)
[    0.240317] Performance Events: unsupported p6 CPU model 61 no PMU driver, software events only.
[    0.244101] Hierarchical SRCU implementation.
[    0.249294] NMI watchdog: Perf event create on CPU 0 failed with -2
[    0.252010] NMI watchdog: Perf NMI watchdog permanently disabled
[    0.256106] smp: Bringing up secondary CPUs ...
[    0.260010] smp: Brought up 1 node, 1 CPU
[    0.264012] smpboot: Max logical packages: 1
[    0.268012] smpboot: Total of 1 processors activated (4589.37 BogoMIPS)
[    0.272247] devtmpfs: initialized
[    0.276130] x86/mm: Memory block size: 128MB
[    0.280290] evm: security.selinux
[    0.284017] evm: security.SMACK64
[    0.292012] evm: security.SMACK64EXEC
[    0.296010] evm: security.SMACK64TRANSMUTE
[    0.300008] evm: security.SMACK64MMAP
[    0.304008] evm: security.apparmor
[    0.308009] evm: security.ima
[    0.312009] evm: security.capability
[    0.316475] clocksource: jiffies: mask: 0xffffffff max_cycles: 0xffffffff, max_idle_ns: 7645041785100000 ns
[    0.320032] futex hash table entries: 256 (order: 2, 16384 bytes)
[    0.324097] pinctrl core: initialized pinctrl subsystem
[    0.332692] RTC time: 17:18:06, date: 08/06/24
[    0.336392] NET: Registered protocol family 16
[    0.344169] audit: initializing netlink subsys (disabled)
[    0.348304] cpuidle: using governor ladder
[    0.352020] audit: type=2000 audit(1722964690.843:1): state=initialized audit_enabled=0 res=1
[    0.356020] cpuidle: using governor menu
[    0.360240] ACPI: bus type PCI registered
[    0.364012] acpiphp: ACPI Hot Plug PCI Controller Driver version: 0.5
[    0.368786] PCI: Using configuration type 1 for base access
[    0.378694] HugeTLB registered 2.00 MiB page size, pre-allocated 0 pages
[    0.380415] ACPI: Added _OSI(Module Device)
[    0.384224] ACPI: Added _OSI(Processor Device)
[    0.388012] ACPI: Added _OSI(3.0 _SCP Extensions)
[    0.392013] ACPI: Added _OSI(Processor Aggregator Device)
[    0.396030] ACPI: Added _OSI(Linux-Dell-Video)
[    0.400038] ACPI: Added _OSI(Linux-Lenovo-NV-HDMI-Audio)
[    0.404019] ACPI: Added _OSI(Linux-HPI-Hybrid-Graphics)
[    0.414139] ACPI: Executed 1 blocks of module-level executable AML code
[    0.426380] ACPI: Interpreter enabled
[    0.428037] ACPI: (supports S0 S5)
[    0.432011] ACPI: Using IOAPIC for interrupt routing
[    0.436965] PCI: Using host bridge windows from ACPI; if necessary, use "pci=nocrs" and report a bug
[    0.440613] ACPI: Enabled 2 GPEs in block 00 to 07
[    0.501535] ACPI: PCI Root Bridge [PCI0] (domain 0000 [bus 00-ff])
[    0.504028] acpi PNP0A03:00: _OSC: OS supports [ASPM ClockPM Segments MSI]
[    0.513632] acpi PNP0A03:00: _OSC: not requesting OS control; OS requires [ExtendedConfig ASPM ClockPM MSI]
[    0.516054] acpi PNP0A03:00: fail to add MMCONFIG information, can't access extended PCI configuration space under this bridge.
[    0.521913] PCI host bridge to bus 0000:00
[    0.524016] pci_bus 0000:00: root bus resource [io  0x0000-0x0cf7 window]
[    0.528014] pci_bus 0000:00: root bus resource [io  0x0d00-0xffff window]
[    0.532016] pci_bus 0000:00: root bus resource [mem 0x000a0000-0x000bffff window]
[    0.536015] pci_bus 0000:00: root bus resource [mem 0x10000000-0xfdffffff window]
[    0.540015] pci_bus 0000:00: root bus resource [bus 00-ff]
[    0.569302] pci 0000:00:01.1: legacy IDE quirk: reg 0x10: [io  0x01f0-0x01f7]
[    0.572016] pci 0000:00:01.1: legacy IDE quirk: reg 0x14: [io  0x03f6]
[    0.576016] pci 0000:00:01.1: legacy IDE quirk: reg 0x18: [io  0x0170-0x0177]
[    0.584013] pci 0000:00:01.1: legacy IDE quirk: reg 0x1c: [io  0x0376]
[    0.696117] pci 0000:00:07.0: quirk: [io  0x4000-0x403f] claimed by PIIX4 ACPI
[    0.700110] pci 0000:00:07.0: quirk: [io  0x4100-0x410f] claimed by PIIX4 SMB
[    0.749205] ACPI: PCI Interrupt Link [LNKA] (IRQs 5 9 10 *11)
[    0.757453] ACPI: PCI Interrupt Link [LNKB] (IRQs 5 9 *10 11)
[    0.760638] ACPI: PCI Interrupt Link [LNKC] (IRQs 5 *9 10 11)
[    0.768559] ACPI: PCI Interrupt Link [LNKD] (IRQs 5 9 10 *11)
[    0.772919] SCSI subsystem initialized
[    0.776255] pci 0000:00:02.0: vgaarb: setting as boot VGA device
[    0.780000] pci 0000:00:02.0: vgaarb: VGA device added: decodes=io+mem,owns=io+mem,locks=none
[    0.780014] pci 0000:00:02.0: vgaarb: bridge control possible
[    0.788015] vgaarb: loaded
[    0.796085] ACPI: bus type USB registered
[    0.800057] usbcore: registered new interface driver usbfs
[    0.804045] usbcore: registered new interface driver hub
[    0.812065] usbcore: registered new device driver usb
[    0.816170] EDAC MC: Ver: 3.0.0
[    0.824320] PCI: Using ACPI for IRQ routing
[    0.833962] NetLabel: Initializing
[    0.836012] NetLabel:  domain hash size = 128
[    0.840010] NetLabel:  protocols = UNLABELED CIPSOv4 CALIPSO
[    0.844056] NetLabel:  unlabeled traffic allowed by default
[    0.849457] clocksource: Switched to clocksource kvm-clock
[    0.960851] VFS: Disk quotas dquot_6.6.0
[    0.970310] VFS: Dquot-cache hash table entries: 512 (order 0, 4096 bytes)
[    0.987826] AppArmor: AppArmor Filesystem Enabled
[    0.998546] pnp: PnP ACPI init
[    1.013151] pnp: PnP ACPI: found 3 devices
[    1.034943] clocksource: acpi_pm: mask: 0xffffff max_cycles: 0xffffff, max_idle_ns: 2085701024 ns
[    1.058751] NET: Registered protocol family 2
[    1.070233] IP idents hash table entries: 4096 (order: 3, 32768 bytes)
[    1.088101] TCP established hash table entries: 2048 (order: 2, 16384 bytes)
[    1.103424] TCP bind hash table entries: 2048 (order: 3, 32768 bytes)
[    1.118791] TCP: Hash tables configured (established 2048 bind 2048)
[    1.135479] UDP hash table entries: 256 (order: 1, 8192 bytes)
[    1.150003] UDP-Lite hash table entries: 256 (order: 1, 8192 bytes)
[    1.166863] NET: Registered protocol family 1
[    1.177327] pci 0000:00:00.0: Limiting direct PCI/PCI transfers
[    1.189975] pci 0000:00:01.0: Activating ISA DMA hang workarounds
[    1.202971] pci 0000:00:02.0: Video device with shadowed ROM at [mem 0x000c0000-0x000dffff]
[    1.219148] Unpacking initramfs...
[    2.680122] Freeing initrd memory: 19528K
[    2.691968] clocksource: tsc: mask: 0xffffffffffffffff max_cycles: 0x211399552f8, max_idle_ns: 440795292447 ns
[    2.710204] platform rtc_cmos: registered platform RTC device (no PNP device found)
[    2.721541] Scanning for low memory corruption every 60 seconds
[    2.732254] Initialise system trusted keyrings
[    2.739122] Key type blacklist registered
[    2.750176] workingset: timestamp_bits=36 max_order=16 bucket_order=0
[    2.772095] zbud: loaded
[    2.779906] squashfs: version 4.0 (2009/01/31) Phillip Lougher
[    2.790757] fuse init (API version 7.26)
[    2.800649] Key type asymmetric registered
[    2.807004] Asymmetric key parser 'x509' registered
[    2.815168] Block layer SCSI generic (bsg) driver version 0.4 loaded (major 246)
[    2.826720] io scheduler noop registered
[    2.834019] io scheduler deadline registered
[    2.840814] io scheduler cfq registered (default)
[    2.849170] ACPI: AC Adapter [AC] (on-line)
[    2.880170] input: Power Button as /devices/LNXSYSTM:00/LNXPWRBN:00/input/input0
[    2.907005] ACPI: Power Button [PWRF]
[    2.914463] input: Sleep Button as /devices/LNXSYSTM:00/LNXSLPBN:00/input/input1
[    2.926261] ACPI: Sleep Button [SLPF]
[    2.940834] Serial: 8250/16550 driver, 32 ports, IRQ sharing enabled
[    2.961507] ACPI: Battery Slot [BAT0] (battery present)
[    3.014349] 00:02: ttyS0 at I/O 0x3f8 (irq = 4, base_baud = 115200) is a 16550A
[    3.040554] Linux agpgart interface v0.103
[    3.060750] loop: module loaded
[    3.068581] scsi host0: ata_piix
[    3.074013] scsi host1: ata_piix
[    3.083745] ata1: PATA max UDMA/33 cmd 0x1f0 ctl 0x3f6 bmdma 0xd000 irq 14
[    3.105502] ata2: PATA max UDMA/33 cmd 0x170 ctl 0x376 bmdma 0xd008 irq 15
[    3.118078] tun: Universal TUN/TAP device driver, 1.6
[    3.128022] PPP generic driver version 2.4.2
[    3.135163] ehci_hcd: USB 2.0 'Enhanced' Host Controller (EHCI) Driver
[    3.145378] ehci-pci: EHCI PCI platform driver
[    3.152670] ehci-platform: EHCI generic platform driver
[    3.161100] ohci_hcd: USB 1.1 'Open' Host Controller (OHCI) Driver
[    3.171062] ohci-pci: OHCI PCI platform driver
[    3.178384] ohci-platform: OHCI generic platform driver
[    3.187765] uhci_hcd: USB Universal Host Controller Interface driver
[    3.198158] i8042: PNP: PS/2 Controller [PNP0303:PS2K,PNP0f03:PS2M] at 0x60,0x64 irq 1,12
[    3.215717] serio: i8042 KBD port at 0x60,0x64 irq 1
[    3.225081] serio: i8042 AUX port at 0x60,0x64 irq 12
[    3.233757] mousedev: PS/2 mouse device common for all mice
[    3.252829] input: AT Translated Set 2 keyboard as /devices/platform/i8042/serio0/input/input2
[    3.266357] rtc_cmos rtc_cmos: rtc core: registered rtc_cmos as rtc0
[    3.377492] rtc_cmos rtc_cmos: alarms up to one day, 114 bytes nvram
[    3.412625] i2c /dev entries driver
[    3.421666] device-mapper: uevent: version 1.0.3
[    3.442260] device-mapper: ioctl: 4.37.0-ioctl (2017-09-20) initialised: dm-devel@redhat.com
[    3.473261] ledtrig-cpu: registered to indicate activity on CPUs
[    3.494827] NET: Registered protocol family 10
[    3.524265] Segment Routing with IPv6
[    3.541550] NET: Registered protocol family 17
[    3.556067] Key type dns_resolver registered
[    3.584111] mce: Using 0 MCE banks
[    3.600123] RAS: Correctable Errors collector initialized.
[    3.619340] sched_clock: Marking stable (3618762252, 0)->(7188541027, -3569778775)
[    3.645118] registered taskstats version 1
[    3.661784] Loading compiled-in X.509 certificates
[    3.692681] Loaded X.509 cert 'Build time autogenerated kernel key: b5b26778eaa3ab3a4a6cee031137706e947d12ad'
[    3.720860] Loaded X.509 cert 'Canonical Ltd. Live Patch Signing: 14df34d1a87cf37625abec039ef2bf521249b969'
[    3.750867] Loaded X.509 cert 'Canonical Ltd. Kernel Module Signing: 88f752e560a1e0737e31163a466ad7b70a850c19'
[    3.787061] blacklist: Loading compiled-in revocation X.509 certificates
[    3.808987] Loaded X.509 cert 'Canonical Ltd. Secure Boot Signing: 61482aa2830d0ab2ad5af10b7250da9033ddcef0'
[    3.830981] Loaded X.509 cert 'Canonical Ltd. Secure Boot Signing (2017): 242ade75ac4a15e50d50c84b0d45ff3eae707a03'
[    3.852296] Loaded X.509 cert 'Canonical Ltd. Secure Boot Signing (ESM 2018): 365188c1d374d6b07c3c8f240f8ef722433d6a8b'
[    3.873643] Loaded X.509 cert 'Canonical Ltd. Secure Boot Signing (2019): c0746fd6c5da3ae827864651ad66ae47fe24b3e8'
[    3.892242] Loaded X.509 cert 'Canonical Ltd. Secure Boot Signing (2021 v1): a8d54bbb3825cfb94fa13c9f8a594a195c107b8d'
[    3.910676] Loaded X.509 cert 'Canonical Ltd. Secure Boot Signing (2021 v2): 4cf046892d6fd3c9a5b03f98d845f90851dc6a8c'
[    3.928168] Loaded X.509 cert 'Canonical Ltd. Secure Boot Signing (2021 v3): 100437bb6de6e469b581e61cd66bce3ef4ed53af'
[    3.965452] Loaded X.509 cert 'Canonical Ltd. Secure Boot Signing (Ubuntu Core 2019): c1d57b8f6b743f23ee41f4f7ee292f06eecadfb9'
[    3.984060] zswap: loaded using pool lzo/zbud
[    3.999082] Key type big_key registered
[    4.005562] Key type trusted registered
[    4.016337] Key type encrypted registered
[    4.024064] AppArmor: AppArmor sha1 policy hashing enabled
[    4.040580] ima: No TPM chip found, activating TPM-bypass! (rc=-19)
[    4.060285] ima: Allocated hash algorithm: sha1
[    4.072520] evm: HMAC attrs: 0x1
[    4.080464]   Magic number: 4:537:339
[    4.087304] rtc_cmos rtc_cmos: setting system clock to 2024-08-06 17:18:11 UTC (1722964691)
[    4.101136] BIOS EDD facility v0.16 2004-Jun-25, 0 devices found
[    4.111415] EDD information not available.
[    4.123204] Freeing unused kernel image memory: 2480K
[    4.140774] Write protecting the kernel read-only data: 20480k
[    4.154086] Freeing unused kernel image memory: 2008K
[    4.168584] Freeing unused kernel image memory: 1820K
[    4.205055] x86/mm: Checked W+X mappings: passed, no W+X pages found.
[    4.226343] x86/mm: Checking user space page tables
[    4.248869] x86/mm: Checked W+X mappings: passed, no W+X pages found.
Loading, please wait...
starting version 237
[    4.507720] e1000: Intel(R) PRO/1000 Network Driver - version 7.3.21-k8-NAPI
[    4.520233] e1000: Copyright (c) 1999-2006 Intel Corporation.
[    4.536409] Fusion MPT base driver 3.04.20
[    4.542799] Copyright (c) 1999-2008 LSI Corporation
[    4.634979] SSE version of gcm_enc/dec engaged.
[    4.694735] Fusion MPT SPI Host driver 3.04.20
[    5.414194] input: ImExPS/2 Generic Explorer Mouse as /devices/platform/i8042/serio1/input/input4
[    7.459178] e1000 0000:00:03.0 eth0: (PCI:33MHz:32-bit) 02:3b:7b:b7:3b:2d
[    7.470144] e1000 0000:00:03.0 eth0: Intel(R) PRO/1000 Network Connection
[    7.482478] mptbase: ioc0: Initiating bringup
[    7.604545] ioc0: LSI53C1030 A0: Capabilities={Initiator}
[    7.884048] scsi host2: ioc0: LSI53C1030 A0, FwRev=00000000h, Ports=1, MaxQ=256, IRQ=20
[    8.065722] scsi 2:0:0:0: Direct-Access     VBOX     HARDDISK         1.0  PQ: 0 ANSI: 5
[    8.084220] scsi target2:0:0: Beginning Domain Validation
[    8.108944] scsi target2:0:0: Domain Validation skipping write tests
[    8.119682] scsi target2:0:0: Ending Domain Validation
[    8.159138] scsi target2:0:0: asynchronous
[    8.215739] scsi 2:0:1:0: Direct-Access     VBOX     HARDDISK         1.0  PQ: 0 ANSI: 5
[    8.244515] scsi target2:0:1: Beginning Domain Validation
[    8.355359] scsi target2:0:1: Domain Validation skipping write tests
[    8.367710] scsi target2:0:1: Ending Domain Validation
[    8.405323] scsi target2:0:1: asynchronous
[    8.564187] sd 2:0:0:0: [sda] 83886080 512-byte logical blocks: (42.9 GB/40.0 GiB)
[    8.576237] sd 2:0:0:0: Attached scsi generic sg0 type 0
[    8.585934] sd 2:0:0:0: [sda] Write Protect is off
[    8.597975] sd 2:0:1:0: [sdb] 20480 512-byte logical blocks: (10.5 MB/10.0 MiB)
[    8.612908] sd 2:0:1:0: Attached scsi generic sg1 type 0
[    8.637483] sd 2:0:0:0: [sda] Incomplete mode parameter data
[    8.651665] sd 2:0:0:0: [sda] Assuming drive cache: write through
[    8.669488] sd 2:0:1:0: [sdb] Write Protect is off
[    8.697415] sd 2:0:1:0: [sdb] Incomplete mode parameter data
[    8.709089] sd 2:0:1:0: [sdb] Assuming drive cache: write through
[    8.757363]  sda: sda1
[    8.779135] sd 2:0:0:0: [sda] Attached SCSI disk
[    8.790983] sd 2:0:1:0: [sdb] Attached SCSI disk
[    9.599514] e1000 0000:00:08.0 eth1: (PCI:33MHz:32-bit) 08:00:27:a1:46:31
[    9.612669] e1000 0000:00:08.0 eth1: Intel(R) PRO/1000 Network Connection
[    9.627534] e1000 0000:00:08.0 enp0s8: renamed from eth1
[    9.665267] e1000 0000:00:03.0 enp0s3: renamed from eth0
Begin: Loading essential drivers ... [   13.192780] raid6: sse2x1   gen()  5537 MB/s
[   13.256276] raid6: sse2x1   xor()  2894 MB/s
[   13.329421] raid6: sse2x2   gen()  5667 MB/s
[   13.396840] raid6: sse2x2   xor()  2437 MB/s
[   13.460235] raid6: sse2x4   gen()  6459 MB/s
[   13.532751] raid6: sse2x4   xor()  4532 MB/s
[   13.542019] raid6: using algorithm sse2x4 gen() 6459 MB/s
[   13.556290] raid6: .... xor() 4532 MB/s, rmw enabled
[   13.584279] raid6: using ssse3x2 recovery algorithm
[   13.613862] xor: measuring software checksum speed
[   13.744317]    prefetch64-sse: 23858.000 MB/sec
[   13.860257]    generic_sse: 29446.000 MB/sec
[   13.868274] xor: using function: generic_sse (29446.000 MB/sec)
[   13.882668] async_tx: api initialized (async)
done.
Begin: Running /scripts/init-premount ... done.
Begin: Mounting root file system ... Begin: Running /scripts/local-top ... done.
Begin: Running /scripts/local-premount ... [   14.043261] Btrfs loaded, crc32c=crc32c-intel
Scanning for Btrfs filesystems
done.
Warning: fsck not present, so skipping root file system
[   14.176890] EXT4-fs (sda1): mounted filesystem with ordered data mode. Opts: (null)
done.
Begin: Running /scripts/local-bottom ... done.
Begin: Running /scripts/init-bottom ... done.
[   14.705549] ip_tables: (C) 2000-2006 Netfilter Core Team
[   14.759081] systemd[1]: systemd 237 running in system mode. (+PAM +AUDIT +SELINUX +IMA +APPARMOR +SMACK +SYSVINIT +UTMP +LIBCRYPTSETUP +GCRYPT +GNUTLS +ACL +XZ +LZ4 +SECCOMP +BLKID +ELFUTILS +KMOD -IDN2 +IDN -PCRE2 default-hierarchy=hybrid)
[   14.805555] systemd[1]: Detected virtualization oracle.
[   14.821205] systemd[1]: Detected architecture x86-64.

Welcome to [1mUbuntu 18.04.6 LTS[0m!

[   14.846980] systemd[1]: Set hostname to <ubuntu-bionic>.
[   15.557791] systemd[1]: Created slice User and Session Slice.
[[0;32m  OK  [0m] Created slice User and Session Slice.
[   15.575780] systemd[1]: Set up automount Arbitrary Executable File Formats File System Automount Point.
[[0;32m  OK  [0m] Set up automount Arbitrary Executabâ€¦rmats File System Automount Point.
[   15.602263] systemd[1]: Created slice System Slice.
[[0;32m  OK  [0m] Created slice System Slice.
[   15.617746] systemd[1]: Listening on Syslog Socket.
[[0;32m  OK  [0m] Listening on Syslog Socket.
[   15.634103] systemd[1]: Listening on Journal Socket (/dev/log).
[[0;32m  OK  [0m] Listening on Journal Socket (/dev/log).
[   15.652052] systemd[1]: Reached target Slices.
[[0;32m  OK  [0m] Reached target Slices.
[[0;32m  OK  [0m] Created slice system-serial\x2dgetty.slice.
[[0;32m  OK  [0m] Listening on Device-mapper event daemon FIFOs.
[[0;32m  OK  [0m] Listening on udev Kernel Socket.
[[0;32m  OK  [0m] Reached target System Time Synchronized.
[[0;32m  OK  [0m] Started Forward Password Requests to Wall Directory Watch.
[[0;32m  OK  [0m] Listening on Journal Audit Socket.
[[0;32m  OK  [0m] Listening on Journal Socket.
         Starting Load Kernel Modules...
         Starting Uncomplicated firewall...
[   15.777735] Loading iSCSI transport class v2.0-870.
         Mounting Kernel Debug File System...
         Mounting POSIX Message Queue File System...
         Starting Journal Service...
         Mounting Huge Pages File System...
[[   15.861177] iscsi: registered transport (tcp)
[0;32m  OK  [0m] Listening on fsck to fsckd communication Socket.
         Starting File System Check on Root Device...
[[0;32m  OK  [0m] Listening on LVM2 poll daemon socket.
         Starting Create list of required stâ€¦ce nodes for the current kernel...
[[0;32m  OK  [0m] Reached target Mounting snaps.
[[0;32m  OK  [0m] Reached target Mounted snaps.
[[0;32m  OK  [0m] Reached target User and Group Name Lookups.
         Starting Set the console keyboard layout...
[[0;32m  OK  [0m] Listening on Network Service Netlink Socket.
[[0;32m  OK  [0m] Listening on /dev/initctl Compatibility Named Pipe.
[[0;32m  OK  [0m] Listening on udev Control Socket.
         Starting udev Coldplug all Devices...[   16.109574] iscsi: registered transport (iser)

[[0;32m  OK  [0m] Listening on LVM2 metadata daemon socket.
         Starting Monitoring of LVM2 mirrorsâ€¦ng dmeventd or progress polling...
[[0;32m  OK  [0m] Reached target Swap.
[[0;32m  OK  [0m] Started Uncomplicated firewall.
[[0;32m  OK  [0m] Started Journal Service.
[[0;32m  OK  [0m] Mounted Kernel Debug File System.
[[0;32m  OK  [0m] Started Load Kernel Modules.
[[0;32m  OK  [0m] Mounted POSIX Message Queue File System.
[[0;32m  OK  [0m] Mounted Huge Pages File System.
[[0;32m  OK  [0m] Started File System Check on Root Device.
[[0;32m  OK  [0m] Started Create list of required staâ€¦vice nodes for the current kernel.
[[0;32m  OK  [0m] Started LVM2 metadata daemon.
[[0;32m  OK  [0m] Started File System Check Daemon to report status.
         Starting Create Static Device Nodes in /dev...
         Starting Remount Root and Kernel File Systems...
         Mounting Kernel Configuration File System...
         Mounting FUSE Control File System...
         Starting Apply Kernel Variables...
[[0;32m  OK  [0m] Mounted Kernel Configuration File System.
[[0;32m  OK  [0m] Mounted FUSE Control File System.
[[0;32m  OK  [0m] [   16.536233] EXT4-fs (sda1): re-mounted. Opts: (null)
Started Create Static Device Nodes in /dev.
[[0;32m  OK  [0m] Started Monitoring of LVM2 mirrors,â€¦sing dmeventd or progress polling.
[[0;32m  OK  [0m] Started Remount Root and Kernel File Systems.
         Starting Flush Journal to Persistent Storage...
         Starting Load/Save Random Seed...
         Starting udev Kernel Device Manager...
[[0;32m  OK  [0m] Started Apply Kernel Variables.
[[0;32m  OK  [0m] Started udev Coldplug all Devices.
[[0;32m  OK  [0m] Started udev Kernel Device Manager.
[[0;32m  OK  [0m] Started Set the console keyboard layout.
[[0;32m  OK  [0m] Reached target Local File Systems (Pre).
[[0;32m  OK  [0m] Reached target Local File Systems.
         Starting Set console font and keymap...
         Starting ebtables ruleset management...
         Starting AppArmor initialization...
         Starting Tell Plymouth To Write Out Runtime Data...
[[0;32m  OK  [0m] Started Dispatch Password Requests to Console Directory Watch.
[[0;32m  OK  [0m] Reached target Local Encrypted Volumes.
[[0;32m  OK  [0m] Started Flush Journal to Persistent Storage.
[[0;32m  OK  [0m] Started Load/Save Random Seed.
[[0;32m  OK  [0m] Started Set console font and keymap.
[[0;32m  OK  [0m] Started Tell Plymouth To Write Out Runtime Data.
         Starting Create Volatile Files and Directories...
[[0;32m  OK  [0m] Started ebtables ruleset management.
[[0;32m  OK  [0m] Started Create Volatile Files and Directories.
         Starting Update UTMP about System Boot/Shutdown...
[[0;32m  OK  [0m] Started Update UTMP about System Boot/Shutdown.
[[0;32m  OK  [0m] Started AppArmor initialization.
         Starting Initial cloud-init job (pre-networking)...
         Starting Load AppArmor profiles managed internally by snapd...
         Mounting Arbitrary Executable File Formats File System...
[[0;32m  OK  [0m] Mounted Arbitrary Executable File Formats File System.
[[0;32m  OK  [0m] Started Load AppArmor profiles managed internally by snapd.
[[0;32m  OK  [0m] Found device /dev/ttyS0.
[[0;32m  OK  [0m] Listening on Load/Save RF Kill Switch Status /dev/rfkill Watch.
[   22.311270] cloud-init[530]: Cloud-init v. 23.1.2-0ubuntu0~18.04.1 running 'init-local' at Tue, 06 Aug 2024 17:18:29 +0000. Up 21.99 seconds.
[[0;32m  OK  [0m] Started Initial cloud-init job (pre-networking).
[[0;32m  OK  [0m] Reached target Network (Pre).
         Starting Network Service...
[[0;32m  OK  [0m] Started Network Service.
         Starting Network Name Resolution...
         Starting Wait for Network to be Configured...
[[0;32m  OK  [0m] Started Network Name Resolution.
[[0;32m  OK  [0m] Reached target Network.
[[0;32m  OK  [0m] Reached target Host and Network Name Lookups.
[[0;32m  OK  [0m] Started Wait for Network to be Configured.
         Starting Initial cloud-init job (metadata service crawler)...
[   26.132368] cloud-init[686]: Cloud-init v. 23.1.2-0ubuntu0~18.04.1 running 'init' at Tue, 06 Aug 2024 17:18:33 +0000. Up 25.86 seconds.
[   26.163455] cloud-init[686]: ci-info: ++++++++++++++++++++++++++++++++++++++Net device info+++++++++++++++++++++++++++++++++++++++
[   26.182716] cloud-init[686]: ci-info: +--------+------+-----------------------------+---------------+--------+-------------------+
[   26.210701] cloud-init[686]: ci-info: | Device |  Up  |           Address           |      Mask     | Scope  |     Hw-Address    |
[   26.255248] cloud-init[686]: ci-info: +--------+------+-----------------------------+---------------+--------+-------------------+
[   26.291515] cloud-init[686]: ci-info: | enp0s3 | True |          10.0.2.15          | 255.255.255.0 | global | 02:3b:7b:b7:3b:2d |
[   26.332948] cloud-init[686]: ci-info: | enp0s3 | True |  fe80::3b:7bff:feb7:3b2d/64 |       .       |  link  | 02:3b:7b:b7:3b:2d |
[   26.351026] cloud-init[686]: ci-info: | enp0s8 | True |        192.168.56.13        | 255.255.255.0 | global | 08:00:27:a1:46:31 |
[   26.382203] cloud-init[686]: ci-info: | enp0s8 | True | fe80::a00:27ff:fea1:4631/64 |       .       |  link  | 08:00:27:a1:46:31 |
[   26.411330] cloud-init[686]: ci-info: |   lo   | True |          127.0.0.1          |   255.0.0.0   |  host  |         .         |
[   26.433306] cloud-init[686]: ci-info: |   lo   | True |           ::1/128           |       .       |  host  |         .         |
[   26.449815] cloud-init[686]: ci-info: +--------+------+-----------------------------+---------------+--------+-------------------+
[   26.474963] cloud-init[686]: ci-info: +++++++++++++++++++++++++++++Route IPv4 info+++++++++++++++++++++++++++++
[   26.504971] cloud-init[686]: ci-info: +-------+--------------+----------+-----------------+-----------+-------+
[   26.521699] cloud-init[686]: ci-info: | Route | Destination  | Gateway  |     Genmask     | Interface | Flags |
[   26.535129] cloud-init[686]: ci-info: +-------+--------------+----------+-----------------+-----------+-------+
[   26.553250] cloud-init[686]: ci-info: |   0   |   0.0.0.0    | 10.0.2.2 |     0.0.0.0     |   enp0s3  |   UG  |
[   26.572331] cloud-init[686]: ci-info: |   1   |   10.0.2.0   | 0.0.0.0  |  255.255.255.0  |   enp0s3  |   U   |
[   26.588862] cloud-init[686]: ci-info: |   2   |   10.0.2.2   | 0.0.0.0  | 255.255.255.255 |   enp0s3  |   UH  |
[   26.610699] cloud-init[686]: ci-info: |   3   | 192.168.56.0 | 0.0.0.0  |  255.255.255.0  |   enp0s8  |   U   |
[   26.648757] cloud-init[686]: ci-info: +-------+--------------+----------+-----------------+-----------+-------+
[   26.670258] cloud-init[686]: ci-info: +++++++++++++++++++Route IPv6 info+++++++++++++++++++
[   26.693485] cloud-init[686]: ci-info: +-------+-------------+---------+-----------+-------+
[   26.713449] cloud-init[686]: ci-info: | Route | Destination | Gateway | Interface | Flags |
[   26.745795] cloud-init[686]: ci-info: +-------+-------------+---------+-----------+-------+
[   26.765093] cloud-init[686]: ci-info: |   1   |  fe80::/64  |    ::   |   enp0s8  |   U   |
[   26.786847] cloud-init[686]: ci-info: |   2   |  fe80::/64  |    ::   |   enp0s3  |   U   |
[   26.807233] cloud-init[686]: [ci-info: |   4   |    local    |    ::   |   enp0s3  |   U   |[0;32m  OK  [0m] Started Initial cloud-init job (metadata service crawler).

[[0;32m  OK  [0m] [   26.839505] Reached target Cloud-config availability.
[cloud-init[686]: ci-info: |   5   |    local    |    ::   |   enp0s8  |   U   |[0;32m  OK  [0m] Reached target System Initialization.
         
Starting Socket activation for snappy daemon.[   26.877953] 
[[0;32m  OK  [0m] Listening on cloud-init hotplug hook socket.cloud-init
[[686]: ci-info: |   6   |   ff00::/8  |    ::   |   enp0s8  |   U   |[0;32m  OK  [0m] Started Ubuntu Advantage Timer for running repeated jobs.

[[0;32m  OK  [0m[   26.925791] cloud-init] Listening on UUID daemon activation socket.[686]: ci-info: |   7   |   ff00::/8  |    ::   |   enp0s3  |   U   |
[[0;32m  OK  [0m] 
[   26.946852] Listening on D-Bus System Message Bus Socket.cloud-init[686]: ci-info: +-------+-------------+---------+-----------+-------+

[[0;32m  OK  [0m] Started ACPI Events Check.
[[0;32m  OK  [0m] Started Message of the Day.
[[0;32m  OK  [0m] Started Daily apt download activities.
[[0;32m  OK  [0m] Listening on ACPID Listen Socket.
         Starting LXD - unix socket.
[[0;32m  OK  [0m] Listening on Open-iSCSI iscsid Socket.
[[0;32m  OK  [0m] Started Daily Cleanup of Temporary Directories.
[[0;32m  OK  [0m] Started Daily apt upgrade and clean activities.
[[0;32m  OK  [0m] Reached target Paths.
[[0;32m  OK  [0m] Started Discard unused blocks once a week.
[[0;32m  OK  [0m] Reached target Timers.
[[0;32m  OK  [0m] Reached target Network is Online.
[[0;32m  OK  [0m] Reached target Remote File Systems (Pre).
         Mounting /vagrant...
         Starting Availability of block devices...
[[0;32m  OK  [0m] Listening on Socket activation for snappy daemon.
[[0;32m  OK  [0m] Listening on LXD - unix socket.
[[0;32m  OK  [0m] Mounted /vagrant.
[[0;32m  OK  [0m] Started Availability of block devices.
[[0;32m  OK  [0m] Reached target Remote File Systems.
[[0;32m  OK  [0m] Reached target Sockets.
[[0;32m  OK  [0m] Reached target Basic System.
[[0;32m  OK  [0m] Started irqbalance daemon.
[[0;32m  OK  [0m] Reached target Login Prompts (Pre).
         Starting System Logging Service...
[[0;32m  OK  [0m] Started Deferred execution scheduler.
         Starting Permit User Sessions...
         Starting LSB: Record successful boot for GRUB...
[[0;32m  OK  [0m] Started FUSE filesystem for LXC.
[[0;32m  OK  [0m] Started D-Bus System Message Bus.
         Starting LXD - container startup/shutdown...
         Starting Dispatcher daemon for systemd-networkd...
         Starting Virtualbox guest utils...
         Starting The Apache HTTP Server...
[[0;32m  OK  [0m] Started Regular background program processing daemon.
         Starting LSB: automatic crash report generation...
         Starting OpenBSD Secure Shell server...
         Starting Accounts Service...
         Starting Snap Daemon...
         Starting Login Service...
[[0;32m  OK  [0m] Started System Logging Service.
[[0;32m  OK  [0m] Started Permit User Sessions.
         Starting Hold until boot process finishes up...
         Starting Terminate Plymouth Boot Screen...
[[0;32m  OK  [0m] Started Terminate Plymouth Boot Screen.
[[0;32m  OK  [0m] Started Hold until boot process finishes up.
[[0;32m  OK  [0m] Started Serial Getty on ttyS0.
         Starting Set console scheme...
[[0;32m  OK  [0m] Started OpenBSD Secure Shell server.
[[0;32m  OK  [0m] Started Set console scheme.
[[0;32m  OK  [0m] Created slice system-getty.slice.
[[0;32m  OK  [0m] Started Getty on tty1.
[[0;32m  OK  [0m] Reached target Login Prompts.
         Starting Authorization Manager...
[[0;32m  OK  [0m] Started Login Service.
[[0;32m  OK  [0m] Started Unattended Upgrades Shutdown.
[[0;32m  OK  [0m] Started LSB: automatic crash report generation.
[[0;32m  OK  [0m] Started LXD - container startup/shutdown.
[[0;32m  OK  [0m] Started LSB: Record successful boot for GRUB.
[[0;32m  OK  [0m] Started Authorization Manager.
[[0;32m  OK  [0m] Started Accounts Service.
[[0;32m  OK  [0m] Started The Apache HTTP Server.
[[0;32m  OK  [0m] Started Virtualbox guest utils.
[[0;32m  OK  [0m] Started Dispatcher daemon for systemd-networkd.
[[0;32m  OK  [0m] Created slice User Slice of vagrant.
         Starting User Manager for UID 1000...
[[0;32m  OK  [0m] Started Session 1 of user vagrant.
[[0;32m  OK  [0m] Started User Manager for UID 1000.
[[0;32m  OK  [0m] Started Snap Daemon.
         Starting Time & Date Service...
         Starting Wait until snapd is fully seeded...
[[0;32m  OK  [0m] Started Time & Date Service.
[[0;32m  OK  [0m] Started Wait until snapd is fully seeded.
         Starting Apply the settings specified in cloud-config...

Ubuntu 18.04.6 LTS ubuntu-bionic ttyS0

ubuntu-bionic login: [   35.973946] cloud-init[1136]: Cloud-init v. 23.1.2-0ubuntu0~18.04.1 running 'modules:config' at Tue, 06 Aug 2024 17:18:42 +0000. Up 35.59 seconds.
[   38.706188] cloud-init[1297]: Cloud-init v. 23.1.2-0ubuntu0~18.04.1 running 'modules:final' at Tue, 06 Aug 2024 17:18:45 +0000. Up 38.47 seconds.
[   38.737025] cloud-init[1297]: Cloud-init v. 23.1.2-0ubuntu0~18.04.1 finished at Tue, 06 Aug 2024 17:18:46 +0000. Datasource DataSourceNoCloud [seed=/dev/sdb][dsmode=net].  Up 38.69 seconds
